I'm sorry, but errors were detected in your script. Please correct the
errors listed below, and try again.


File "game/script.rpy", line 10: Line is indented, but the preceding scene statement statement does not expect a block. Please check this line's indentation. You may have forgotten a colon (:).
    "Hola que tal"
    ^

Ren'Py Version: Ren'Py 8.1.3.23091805
Wed Feb 21 22:05:02 2024
